------ opening nelsis ------
------ reading image description file '/data/public/common/software/nelsis/5.4.1.1/share/lib/celllibs/fishbone/image.seadif' ------
------ opening seadif ------
------ reading sdf laycell 'Tmp_Cell_(top_level(top_level(test)))': OK ------
------ writing sdflay 'Tmp_Cell_(top_level(top_level(test)))' into nelsis 'Tmptop_level15110' ------
------ nelsea: task completed ------
