>>>>>> trout: automatic router for Sea-of-Gates           <<<<<<
>>>>>> (c) 1995 Patrick Groeneveld, Delft Univ. of Techn. <<<<<<
------ reading image description file '/data/public/common/software/nelsis/5.4.1.1/share/lib/celllibs/fishbone/image.seadif' ------
------ reading placement 'Tmp_Cell_(top_level2(top_level2(test)))' ------
------ building data structure  ------
WARNING: No circuit for layout instance 'osc10_1'
         (cell 'osc10'): it will not be routed
------ making grid  ------
------ Busy highlighting net ------
------ Writing 'Tmp_Cell_(top_level2(top_level2(test)))' ------
------ Trout: task completed on Fri Dec 13 23:21:20 2013
 terminate
