
Madonna version 3.3 (compiled Tue, 08 Jul 2008 15:50:37 for "linux-2.6-i686")

reading circuit "de_piece(de_piece(test))" ...done

Kissing madonna hello...

Reading image description file "/data/public/common/software/nelsis/5.4.1.1/share/lib/celllibs/fishbone/image.seadif"...


------ net distribution (total #nets = 59):
        0..1     2     3     4     5     6     7 8..10 11..20  >20

           0    43     5     4     3     0     1     0     1     2

------ partitioning 44 cells into (hor x vert) = (7 x 2) partitions

------ requested grid points = (63, 112)

------ cost@start = 310, cost@end = 231, moves = 43
------ cost@start = 231, cost@end = 213, moves = 11
------ cost@start = 213, cost@end = 213, moves = 20
------ 20 nets have to be routed on a 13 x 3 global grid
     + routing net lut_start (2 terminals):  weight = 200
     + routing net write (8 terminals):  weight = 1208
     + routing net new_state_0_port (2 terminals):  weight = 202
     + routing net rst (4 terminals):  weight = 600
     + routing net clk (4 terminals):  weight = 600
     + routing net state_0_port (4 terminals):  weight = 504
     + routing net state_1_port (3 terminals):  weight = 400
     + routing net new_current_block_0_port (2 terminals):  weight = 200
     + routing net current_block_0_port (2 terminals):  weight = 200
     + routing net new_current_block_1_port (2 terminals):  weight = 200
     + routing net current_block_1_port (3 terminals):  weight = 400
     + routing net n25 (2 terminals):  weight = 204
     + routing net n24 (2 terminals):  weight = 200
     + routing net n30 (2 terminals):  weight = 200
     + routing net n31 (2 terminals):  weight = 200
     + routing net n32 (4 terminals):  weight = 600
     + routing net n33 (2 terminals):  weight = 200
     + routing net n34 (2 terminals):  weight = 200
     + routing net n37 (2 terminals):  weight = 208
     + routing net n39 (3 terminals):  weight = 408

------ Routed 20 nets, total weight = 7134



------ Detailed placement of (Tmp_Cell_(de_piece(de_piece(test))))...
------ Reading input data
------ Creating temporary data structures
------ Placement plane size : [63:112]
------ Doing placement 
------ Compacting  

         Magnification coefficient obtained :1.05357

------ Writing created layout to database
Kissing madonna good bye...

Madonna took 0.0 seconds of your cpu
terminate
