six
------ opening nelsis ------
------ reading image description file '/data/public/common/software/nelsis/5.4.1.1/share/lib/celllibs/fishbone/image.seadif' ------
------ opening seadif ------
------ checking your circuit 'de_piece' ------
WARNING: Imported nelsis cell 'dfr11' is younger than its corresponding
         seadif cell $dummy(dfr11(dfr11(g_digilib5_99))) (circuit-view). The seadif
         library 'g_digilib5_99' doesn't seem to be up to date.
WARNING: Imported nelsis cell 'tinv10' is younger than its corresponding
         seadif cell $dummy(tinv10(tinv10(g_digilib5_99))) (circuit-view). The seadif
         library 'g_digilib5_99' doesn't seem to be up to date.
WARNING: Imported nelsis cell 'no210' is younger than its corresponding
         seadif cell $dummy(no210(no210(g_digilib5_99))) (circuit-view). The seadif
         library 'g_digilib5_99' doesn't seem to be up to date.
WARNING: Imported nelsis cell 'na210' is younger than its corresponding
         seadif cell $dummy(na210(na210(g_digilib5_99))) (circuit-view). The seadif
         library 'g_digilib5_99' doesn't seem to be up to date.
WARNING: Imported nelsis cell 'mu111' is younger than its corresponding
         seadif cell $dummy(mu111(mu111(g_digilib5_99))) (circuit-view). The seadif
         library 'g_digilib5_99' doesn't seem to be up to date.
WARNING: Imported nelsis cell 'iv110' is younger than its corresponding
         seadif cell $dummy(iv110(iv110(g_digilib5_99))) (circuit-view). The seadif
         library 'g_digilib5_99' doesn't seem to be up to date.
------ reading nelsis circuit-cell 'de_piece' ------
WARNING: Zero terminal net: 'lut_start_port' (cell 'de_piece')
WARNING: Zero terminal net: 'write_port' (cell 'de_piece')
------ checking match with placement layout 'Tmpde_piece31124' ------
------ reading nelsis layout-cell 'Tmpde_piece31124' ------
------ writing nelsis 'Tmpde_piece31124' as sdflay 'Tmp_Cell_(de_piece(de_piece(test)))' ------
------ input seems good enough: calling router ------
calling program: trout -l test -f de_piece -c de_piece -o Tmp_Cell_ -d Tmp_Cell_ 
------ routing successful ------
------ converting result back into nelsis as cell 'Tmpde_piece31124' ------
calling program: nelsea -rLH -f de_piece -c de_piece -l Tmp_Cell_ Tmpde_piece31124 
------ sea: task completed ------
