------ opening nelsis ------
------ reading image description file '/data/public/common/software/nelsis/5.4.1.1/share/lib/celllibs/fishbone/image.seadif' ------
------ opening seadif ------
------ reading sdf laycell 'Tmp_Cell_(de_piece(de_piece(test)))': OK ------
------ writing sdflay 'Tmp_Cell_(de_piece(de_piece(test)))' into nelsis 'Tmpde_piece31124' ------
------ nelsea: task completed ------
