>>>>>> trout: automatic router for Sea-of-Gates           <<<<<<
>>>>>> (c) 1995 Patrick Groeneveld, Delft Univ. of Techn. <<<<<<
------ reading image description file '/data/public/common/software/nelsis/5.4.1.1/share/lib/celllibs/fishbone/image.seadif' ------
------ reading placement 'Tmp_Cell_(de_piece(de_piece(test)))' ------
------ building data structure  ------
------ making grid  ------
------ routing started Tue Dec  3 12:18:52 2013
 59 nets have to be routed.
Routing net 'addr_7_0_1' (2/2): . OK!
Routing net 'lut_ready' (2/2): . OK!
Routing net 'n40' (2/2): . OK!
Routing net 'mask_select_1_0_0' (2/2): . OK!
Routing net 'mask_7_0_0' (2/2): . OK!
Routing net 'clk' (5/5): .... OK!
Routing net 'data' (2/2): . OK!
Routing net 'mask_select_1_0_1' (2/2): . OK!
Routing net 'addr_7_0_4' (2/2): . OK!
Routing net 'addr_7_0_7' (2/2): . OK!
Routing net 'mask_7_0_1' (2/2): . OK!
Routing net 'mask_7_0_3' (2/2): . OK!
Routing net 'mask_7_0_6' (2/2): . OK!
Routing net 'mask_7_0_7' (2/2): . OK!
Routing net 'ready' (2/2): . OK!
Routing net 'addr_7_0_0' (2/2): . OK!
Routing net 'mask_7_0_2' (2/2): . OK!
Routing net 'n36' (3/3): .. OK!
Routing net 'n17' (2/2): . OK!
Routing net 'n18' (2/2): . OK!
Routing net 'start' (3/3): .. OK!
Routing net 'addr_7_0_3' (2/2): . OK!
Routing net 'n19' (2/2): . OK!
Routing net 'n26' (2/2): . OK!
Routing net 'n20' (2/2): . OK!
Routing net 'mask_7_0_4' (2/2): . OK!
Routing net 'addr_7_0_5' (2/2): . OK!
Routing net 'n35' (2/2): . OK!
Routing net 'draw_erase' (2/2): . OK!
Routing net 'addr_7_0_2' (2/2): . OK!
Routing net 'addr_7_0_6' (2/2): . OK!
Routing net 'mask_7_0_5' (2/2): . OK!
Routing net 'new_state_0_port' (2/2): . OK!
Routing net 'n22' (2/2): . OK!
Routing net 'n21' (2/2): . OK!
Routing net 'n38' (2/2): . OK!
Routing net 'new_current_block_1_port' (2/2): . OK!
Routing net 'n30' (4/4): ... OK!
Routing net 'current_block_0_port' (3/3): .. OK!
Routing net 'n23' (2/2): . OK!
Routing net 'n34' (2/2): . OK!
Routing net 'lut_start' (5/5): .... OK!
Routing net 'state_1_port' (3/3): .. OK!
Routing net 'n37' (2/2): . OK!
Routing net 'new_current_block_0_port' (2/2): . OK!
Routing net 'current_block_1_port' (4/4): ... OK!
Routing net 'n24' (2/2): . OK!
Routing net 'n33' (2/2): . OK!
Routing net 'n39' (3/3): .. OK!
Routing net 'n25' (4/4): ... OK!
Routing net 'n32' (4/4): ... OK!
Routing net 'rst' (5/5): .... OK!
Routing net 'n31' (2/2): . OK!
Routing net 'new_state_1_port' (2/2): . OK!
Routing net 'state_0_port' (7/7): ...... OK!
Routing net 'vdd' :  (Power special)
Routing net 'n16' (2/2): . OK!
Routing net 'write' (12/12): ........... OK!
Routing net 'vss' :  (Power special)
READY
----- Some interesting statistics ------
Total number of nets:                 59 (100% completion)
Total length of routed wires:         0 (No new wires created)
No. of transistors (total / used):    576/452 = 78.47 %
CPU-time consumption:                 0.00 sec.
Elapsed time during routing:          0.00 sec. (100.00 % of cpu)
------ Verifying Connectivity ------
------ No unconnect nor short-circuits ------
------ Writing 'Tmp_Cell_(de_piece(de_piece(test)))' ------
------ Trout: task completed on Tue Dec  3 12:18:52 2013
 terminate
