six
------ opening nelsis ------
------ reading image description file '/data/public/common/software/nelsis/5.4.1.1/share/lib/celllibs/fishbone/image.seadif' ------
------ opening seadif ------
------ checking your circuit 'rom' ------
------ circuit 'rom' is still up-to-date ------
------ checking match with placement layout 'Tmprom7189' ------
------ reading nelsis layout-cell 'Tmprom7189' ------
------ writing nelsis 'Tmprom7189' as sdflay 'Tmp_Cell_(rom(rom(test)))' ------
------ input seems good enough: calling router ------
calling program: trout -l test -f rom -c rom -o Tmp_Cell_ -d Tmp_Cell_ 
------ routing successful ------
------ converting result back into nelsis as cell 'Tmprom7189' ------
calling program: nelsea -rLH -f rom -c rom -l Tmp_Cell_ Tmprom7189 
------ sea: task completed ------
