>>>>>> trout: automatic router for Sea-of-Gates           <<<<<<
>>>>>> (c) 1995 Patrick Groeneveld, Delft Univ. of Techn. <<<<<<
------ reading image description file '/data/public/common/software/nelsis/5.4.1.1/share/lib/celllibs/fishbone/image.seadif' ------
------ reading placement 'Tmp_Cell_(rom(rom(test)))' ------
------ building data structure  ------
------ making grid  ------
------ routing started Sat Nov 30 15:19:42 2013
 145 nets have to be routed.
Routing net 'addr_6_0_6' (2/2): .b OK!
Routing net 'data_3_0_3' (2/2): .b OK!
Routing net 'data_3_0_2' (2/2): .b OK!
Routing net 'data_3_0_1' (2/2): .b OK!
Routing net 'data_3_0_0' (2/2): .b OK!
Routing net 'type2east_3_port' (2/2): . OK!
Routing net 'type2east_2_port' (2/2): . OK!
Routing net 'type2east_1_port' (2/2): . OK!
Routing net 'type2east_0_port' (2/2): . OK!
Routing net 'type3east_3_port' (2/2): . OK!
Routing net 'type3east_2_port' (2/2): . OK!
Routing net 'type3east_1_port' (2/2): . OK!
Routing net 'type3east_0_port' (2/2): . OK!
Routing net 'type4east_3_port' (2/2): . OK!
Routing net 'type4east_2_port' (2/2): . OK!
Routing net 'type4east_1_port' (2/2): . OK!
Routing net 'type4east_0_port' (2/2): . OK!
Routing net 'type5east_3_port' (2/2): . OK!
Routing net 'type5east_2_port' (2/2): . OK!
Routing net 'type5east_1_port' (2/2): . OK!
Routing net 'type5east_0_port' (2/2): . OK!
Routing net 'type6east_3_port' (2/2): . OK!
Routing net 'type6east_2_port' (2/2): . OK!
Routing net 'type6east_1_port' (2/2): . OK!
Routing net 'type6east_0_port' (2/2): . OK!
Routing net 'type7east_3_port' (2/2): . OK!
Routing net 'type7east_2_port' (2/2): . OK!
Routing net 'type7east_1_port' (2/2): . OK!
Routing net 'type7east_0_port' (2/2): . OK!
Routing net 'sub_data_2_2_port' (2/2): . OK!
Routing net 'type2west_3_port' (2/2): . OK!
Routing net 'type2west_2_port' (2/2): . OK!
Routing net 'type2west_1_port' (2/2): . OK!
Routing net 'type2west_0_port' (2/2): . OK!
Routing net 'type3west_3_port' (2/2): . OK!
Routing net 'type3west_2_port' (2/2): . OK!
Routing net 'type3west_1_port' (2/2): . OK!
Routing net 'type3west_0_port' (2/2): . OK!
Routing net 'type4west_3_port' (2/2): . OK!
Routing net 'type4west_2_port' (2/2): . OK!
Routing net 'type4west_1_port' (2/2): . OK!
Routing net 'type4west_0_port' (2/2): . OK!
Routing net 'type5west_3_port' (2/2): . OK!
Routing net 'type5west_2_port' (2/2): . OK!
Routing net 'type5west_1_port' (2/2): . OK!
Routing net 'type5west_0_port' (2/2): . OK!
Routing net 'type6west_3_port' (2/2): . OK!
Routing net 'type6west_2_port' (2/2): . OK!
Routing net 'type6west_1_port' (2/2): . OK!
Routing net 'type6west_0_port' (2/2): . OK!
Routing net 'type7west_3_port' (2/2): . OK!
Routing net 'type7west_2_port' (2/2): . OK!
Routing net 'type7west_1_port' (2/2): . OK!
Routing net 'type7west_0_port' (2/2): . OK!
Routing net 'sub_data_1_0_port' (2/2): . OK!
Routing net 'sub_data_2_3_port' (2/2): . OK!
Routing net 'sub_data_1_1_port' (2/2): . OK!
Routing net 'sub_data_2_1_port' (2/2): . OK!
Routing net 'sub_data_1_3_port' (2/2): . OK!
Routing net 'type1_3_port' (2/2): . OK!
Routing net 'type1_2_port' (2/2): . OK!
Routing net 'type1_1_port' (2/2): . OK!
Routing net 'type1_0_port' (2/2): . OK!
Routing net 'sub_data_2_0_port' (2/2): . OK!
Routing net 'type2south_3_port' (2/2): . OK!
Routing net 'type2south_2_port' (2/2): . OK!
Routing net 'type2south_1_port' (2/2): . OK!
Routing net 'type2south_0_port' (2/2): . OK!
Routing net 'type3south_3_port' (2/2): . OK!
Routing net 'type3south_2_port' (2/2): . OK!
Routing net 'type3south_1_port' (2/2): . OK!
Routing net 'type3south_0_port' (2/2): . OK!
Routing net 'type4south_3_port' (2/2): . OK!
Routing net 'type4south_2_port' (2/2): . OK!
Routing net 'type4south_1_port' (2/2): . OK!
Routing net 'type4south_0_port' (2/2): . OK!
Routing net 'type5south_3_port' (2/2): . OK!
Routing net 'type5south_2_port' (2/2): . OK!
Routing net 'type5south_1_port' (2/2): . OK!
Routing net 'type5south_0_port' (2/2): . OK!
Routing net 'type6south_3_port' (2/2): . OK!
Routing net 'type6south_2_port' (2/2): . OK!
Routing net 'type6south_1_port' (2/2): . OK!
Routing net 'type6south_0_port' (2/2): . OK!
Routing net 'type7south_3_port' (2/2): . OK!
Routing net 'type7south_2_port' (2/2): . OK!
Routing net 'type7south_1_port' (2/2): . OK!
Routing net 'type7south_0_port' (2/2): . OK!
Routing net 'type2north_3_port' (2/2): . OK!
Routing net 'type2north_2_port' (2/2): . OK!
Routing net 'type2north_1_port' (2/2): . OK!
Routing net 'type2north_0_port' (2/2): . OK!
Routing net 'type3north_3_port' (2/2): . OK!
Routing net 'type3north_2_port' (2/2): . OK!
Routing net 'type3north_1_port' (2/2): . OK!
Routing net 'type3north_0_port' (2/2): . OK!
Routing net 'type4north_3_port' (2/2): . OK!
Routing net 'type4north_2_port' (2/2): . OK!
Routing net 'type4north_1_port' (2/2): . OK!
Routing net 'type4north_0_port' (2/2): . OK!
Routing net 'type5north_3_port' (2/2): . OK!
Routing net 'type5north_2_port' (2/2): . OK!
Routing net 'type5north_1_port' (2/2): . OK!
Routing net 'type5north_0_port' (2/2): . OK!
Routing net 'type6north_3_port' (2/2): . OK!
Routing net 'type6north_2_port' (2/2): . OK!
Routing net 'type6north_1_port' (2/2): . OK!
Routing net 'type6north_0_port' (2/2): . OK!
Routing net 'type7north_3_port' (2/2): . OK!
Routing net 'type7north_2_port' (2/2): . OK!
Routing net 'type7north_1_port' (2/2): . OK!
Routing net 'type7north_0_port' (2/2): . OK!
Routing net 'sub_data_1_2_port' (2/2): . OK!
Routing net 'addr_6_0_5' (3/3): ..b OK!
Routing net 'addr_6_0_4' (3/3): ..b OK!
Routing net 'type7_3_port' (2/2): . OK!
Routing net 'type7_2_port' (2/2): . OK!
Routing net 'type7_1_port' (2/2): . OK!
Routing net 'type7_0_port' (2/2): . OK!
Routing net 'type4_3_port' (2/2): . OK!
Routing net 'type4_2_port' (2/2): . OK!
Routing net 'type4_1_port' (2/2): . OK!
Routing net 'type4_0_port' (2/2): . OK!
Routing net 'type6_3_port' (2/2): . OK!
Routing net 'type6_2_port' (2/2): . OK!
Routing net 'type6_1_port' (2/2): . OK!
Routing net 'type6_0_port' (2/2): . OK!
Routing net 'type3_3_port' (2/2): . OK!
Routing net 'type3_2_port' (2/2): . OK!
Routing net 'type3_1_port' (2/2): . OK!
Routing net 'type3_0_port' (2/2): . OK!
Routing net 'type2_3_port' (2/2): . OK!
Routing net 'type2_2_port' (2/2): . OK!
Routing net 'type2_1_port' (2/2): . OK!
Routing net 'type2_0_port' (2/2): . OK!
Routing net 'type5_3_port' (2/2): x FAILED
Routing net 'type5_2_port' (2/2): x FAILED
Routing net 'type5_1_port' (2/2): x FAILED
Routing net 'type5_0_port' (2/2): x FAILED
Routing net 'addr_6_0_3' (7/7): ......b OK!
Routing net 'addr_6_0_2' (7/7): ......b OK!
Routing net 'addr_6_0_1' (26/26): .........................b OK!
Routing net 'addr_6_0_0' (26/26): .........................b OK!
Routing net 'X_Logic1_port' (169/169): xxx.....................................................................................................................................................................R>xxb FAILED
Routing net 'X_Logic0_port' (305/305): ..x.............................................................................................................................................................................................................................................................................................................b FAILED
----- Don't worry, I'm trying again -----
Routing net 'type5_0_port' (2/2): . OK!
Routing net 'type5_1_port' (2/2): . OK!
Routing net 'type5_2_port' (2/2): . OK!
Routing net 'type5_3_port' (2/2): . OK!
Routing net 'data_3_0_0' (2/2): .b OK!
Routing net 'data_3_0_1' (2/2): .b OK!
Routing net 'data_3_0_2' (2/2): .b OK!
Routing net 'data_3_0_3' (2/2): .b OK!
Routing net 'addr_6_0_6' (2/2): .b OK!
Routing net 'X_Logic1_port' (169/169): ........................................................................................................................................................................b OK!
Routing net 'X_Logic0_port' (305/305): ................................................................................................................................................................................................................................................................................................................b OK!
Routing net 'sub_data_2_2_port' (2/2): . OK!
--> 8.28 % elapsed:   7.9 sec. expect another 175.6 sec. <--
Routing net 'type7east_0_port' (2/2): . OK!
Routing net 'type7east_1_port' (2/2): . OK!
Routing net 'type7east_2_port' (2/2): . OK!
Routing net 'type7east_3_port' (2/2): . OK!
Routing net 'type6east_0_port' (2/2): . OK!
Routing net 'type6east_1_port' (2/2): . OK!
Routing net 'type6east_2_port' (2/2): . OK!
Routing net 'type6east_3_port' (2/2): . OK!
Routing net 'type5east_0_port' (2/2): . OK!
Routing net 'type5east_1_port' (2/2): . OK!
Routing net 'type5east_2_port' (2/2): . OK!
Routing net 'type5east_3_port' (2/2): . OK!
Routing net 'type4east_0_port' (2/2): . OK!
Routing net 'type4east_1_port' (2/2): . OK!
Routing net 'type4east_2_port' (2/2): . OK!
Routing net 'type4east_3_port' (2/2): . OK!
Routing net 'type3east_0_port' (2/2): . OK!
Routing net 'type3east_1_port' (2/2): . OK!
Routing net 'type3east_2_port' (2/2): . OK!
Routing net 'type3east_3_port' (2/2): . OK!
Routing net 'type2east_0_port' (2/2): . OK!
Routing net 'type2east_1_port' (2/2): . OK!
Routing net 'type2east_2_port' (2/2): . OK!
Routing net 'type2east_3_port' (2/2): . OK!
Routing net 'type7west_0_port' (2/2): . OK!
Routing net 'type7west_1_port' (2/2): . OK!
Routing net 'type7west_2_port' (2/2): . OK!
Routing net 'type7west_3_port' (2/2): . OK!
Routing net 'type6west_0_port' (2/2): . OK!
Routing net 'type6west_1_port' (2/2): . OK!
Routing net 'type6west_2_port' (2/2): . OK!
Routing net 'type6west_3_port' (2/2): . OK!
Routing net 'type5west_0_port' (2/2): . OK!
Routing net 'type5west_1_port' (2/2): . OK!
Routing net 'type5west_2_port' (2/2): . OK!
Routing net 'type5west_3_port' (2/2): . OK!
Routing net 'type4west_0_port' (2/2): . OK!
Routing net 'type4west_1_port' (2/2): . OK!
Routing net 'type4west_2_port' (2/2): . OK!
Routing net 'type4west_3_port' (2/2): . OK!
Routing net 'type3west_0_port' (2/2): . OK!
Routing net 'type3west_1_port' (2/2): . OK!
Routing net 'type3west_2_port' (2/2): . OK!
Routing net 'type3west_3_port' (2/2): . OK!
Routing net 'type2west_0_port' (2/2): . OK!
Routing net 'type2west_1_port' (2/2): . OK!
Routing net 'type2west_2_port' (2/2): . OK!
Routing net 'type2west_3_port' (2/2): . OK!
Routing net 'sub_data_1_0_port' (2/2): . OK!
Routing net 'sub_data_2_3_port' (2/2): . OK!
Routing net 'sub_data_1_1_port' (2/2): . OK!
Routing net 'sub_data_2_1_port' (2/2): . OK!
Routing net 'sub_data_1_3_port' (2/2): . OK!
Routing net 'sub_data_2_0_port' (2/2): . OK!
Routing net 'type1_0_port' (2/2): . OK!
Routing net 'type1_1_port' (2/2): . OK!
Routing net 'type1_2_port' (2/2): . OK!
Routing net 'type1_3_port' (2/2): . OK!
Routing net 'type7south_0_port' (2/2): . OK!
Routing net 'type7south_1_port' (2/2): . OK!
Routing net 'type7south_2_port' (2/2): . OK!
Routing net 'type7south_3_port' (2/2): . OK!
Routing net 'type6south_0_port' (2/2): . OK!
Routing net 'type6south_1_port' (2/2): . OK!
Routing net 'type6south_2_port' (2/2): . OK!
Routing net 'type6south_3_port' (2/2): . OK!
Routing net 'type5south_0_port' (2/2): . OK!
Routing net 'type5south_1_port' (2/2): . OK!
Routing net 'type5south_2_port' (2/2): . OK!
Routing net 'type5south_3_port' (2/2): . OK!
Routing net 'type4south_0_port' (2/2): . OK!
Routing net 'type4south_1_port' (2/2): x FAILED
Routing net 'type4south_2_port' (2/2): . OK!
Routing net 'type4south_3_port' (2/2): . OK!
Routing net 'type3south_0_port' (2/2): . OK!
Routing net 'type3south_1_port' (2/2): . OK!
Routing net 'type3south_2_port' (2/2): . OK!
Routing net 'type3south_3_port' (2/2): x FAILED
Routing net 'type2south_0_port' (2/2): . OK!
Routing net 'type2south_1_port' (2/2): . OK!
Routing net 'type2south_2_port' (2/2): . OK!
Routing net 'type2south_3_port' (2/2): x FAILED
Routing net 'type7north_0_port' (2/2): . OK!
Routing net 'type7north_1_port' (2/2): x FAILED
Routing net 'type7north_2_port' (2/2): . OK!
Routing net 'type7north_3_port' (2/2): x FAILED
Routing net 'type6north_0_port' (2/2): . OK!
Routing net 'type6north_1_port' (2/2): x FAILED
Routing net 'type6north_2_port' (2/2): . OK!
Routing net 'type6north_3_port' (2/2): x FAILED
Routing net 'type5north_0_port' (2/2): . OK!
Routing net 'type5north_1_port' (2/2): x FAILED
Routing net 'type5north_2_port' (2/2): . OK!
Routing net 'type5north_3_port' (2/2): . OK!
Routing net 'type4north_0_port' (2/2): . OK!
Routing net 'type4north_1_port' (2/2): . OK!
Routing net 'type4north_2_port' (2/2): x FAILED
Routing net 'type4north_3_port' (2/2): . OK!
Routing net 'type3north_0_port' (2/2): . OK!
Routing net 'type3north_1_port' (2/2): . OK!
Routing net 'type3north_2_port' (2/2): . OK!
Routing net 'type3north_3_port' (2/2): . OK!
Routing net 'type2north_0_port' (2/2): . OK!
Routing net 'type2north_1_port' (2/2): . OK!
Routing net 'type2north_2_port' (2/2): . OK!
Routing net 'type2north_3_port' (2/2): . OK!
Routing net 'sub_data_1_2_port' (2/2): . OK!
Routing net 'addr_6_0_4' (3/3): ..b OK!
Routing net 'addr_6_0_5' (3/3): ..b OK!
Routing net 'type7_0_port' (2/2): . OK!
Routing net 'type7_1_port' (2/2): . OK!
Routing net 'type7_2_port' (2/2): . OK!
Routing net 'type7_3_port' (2/2): . OK!
Routing net 'type4_0_port' (2/2): . OK!
Routing net 'type4_1_port' (2/2): . OK!
Routing net 'type4_2_port' (2/2): . OK!
Routing net 'type4_3_port' (2/2): . OK!
Routing net 'type6_0_port' (2/2): . OK!
Routing net 'type6_1_port' (2/2): . OK!
Routing net 'type6_2_port' (2/2): . OK!
Routing net 'type6_3_port' (2/2): . OK!
Routing net 'type3_0_port' (2/2): . OK!
Routing net 'type3_1_port' (2/2): . OK!
Routing net 'type3_2_port' (2/2): . OK!
Routing net 'type3_3_port' (2/2): . OK!
Routing net 'type2_0_port' (2/2): . OK!
Routing net 'type2_1_port' (2/2): . OK!
Routing net 'type2_2_port' (2/2): . OK!
Routing net 'type2_3_port' (2/2): . OK!
Routing net 'addr_6_0_2' (7/7): ......b OK!
Routing net 'addr_6_0_3' (7/7): ......b OK!
Routing net 'addr_6_0_0' (26/26): .........................b OK!
Routing net 'addr_6_0_1' (26/26): .........................b OK!
----- Don't worry, I'm trying again -----
Routing net 'type2south_3_port' (2/2): . OK!
Routing net 'type3south_3_port' (2/2): . OK!
Routing net 'type4south_1_port' (2/2): . OK!
Routing net 'type4north_2_port' (2/2): . OK!
Routing net 'type5north_1_port' (2/2): . OK!
Routing net 'type6north_3_port' (2/2): . OK!
Routing net 'type6north_1_port' (2/2): . OK!
Routing net 'type7north_3_port' (2/2): . OK!
Routing net 'type7north_1_port' (2/2): . OK!
Routing net 'type5_3_port' (2/2): . OK!
Routing net 'type5_2_port' (2/2): . OK!
Routing net 'type5_1_port' (2/2): . OK!
Routing net 'type5_0_port' (2/2): . OK!
Routing net 'addr_6_0_6' (2/2): .b OK!
Routing net 'data_3_0_3' (2/2): .b OK!
Routing net 'data_3_0_2' (2/2): .b OK!
Routing net 'data_3_0_1' (2/2): .b OK!
Routing net 'data_3_0_0' (2/2): .b OK!
Routing net 'X_Logic1_port' (169/169): ........................................................................................................................................................................b OK!
Routing net 'X_Logic0_port' (305/305): ................................................................................................................................................................................................................................................................................................................b OK!
--> 13.79 % elapsed:   8.0 sec. expect another 100.7 sec. <--
Routing net 'type2east_3_port' (2/2): . OK!
Routing net 'type2east_2_port' (2/2): . OK!
Routing net 'type2east_1_port' (2/2): . OK!
Routing net 'type2east_0_port' (2/2): . OK!
Routing net 'type3east_3_port' (2/2): . OK!
Routing net 'type3east_2_port' (2/2): . OK!
Routing net 'type3east_1_port' (2/2): . OK!
Routing net 'type3east_0_port' (2/2): . OK!
Routing net 'type4east_3_port' (2/2): . OK!
Routing net 'type4east_2_port' (2/2): . OK!
Routing net 'type4east_1_port' (2/2): . OK!
Routing net 'type4east_0_port' (2/2): . OK!
Routing net 'type5east_3_port' (2/2): . OK!
Routing net 'type5east_2_port' (2/2): . OK!
Routing net 'type5east_1_port' (2/2): . OK!
Routing net 'type5east_0_port' (2/2): . OK!
Routing net 'type6east_3_port' (2/2): . OK!
Routing net 'type6east_2_port' (2/2): . OK!
Routing net 'type6east_1_port' (2/2): . OK!
Routing net 'type6east_0_port' (2/2): . OK!
Routing net 'type7east_3_port' (2/2): . OK!
Routing net 'type7east_2_port' (2/2): . OK!
Routing net 'type7east_1_port' (2/2): . OK!
Routing net 'type7east_0_port' (2/2): . OK!
Routing net 'sub_data_2_2_port' (2/2): . OK!
Routing net 'type2west_3_port' (2/2): . OK!
Routing net 'type2west_2_port' (2/2): . OK!
Routing net 'type2west_1_port' (2/2): . OK!
Routing net 'type2west_0_port' (2/2): . OK!
Routing net 'type3west_3_port' (2/2): . OK!
Routing net 'type3west_2_port' (2/2): . OK!
Routing net 'type3west_1_port' (2/2): . OK!
Routing net 'type3west_0_port' (2/2): . OK!
Routing net 'type4west_3_port' (2/2): . OK!
Routing net 'type4west_2_port' (2/2): . OK!
Routing net 'type4west_1_port' (2/2): . OK!
Routing net 'type4west_0_port' (2/2): . OK!
Routing net 'type5west_3_port' (2/2): . OK!
Routing net 'type5west_2_port' (2/2): . OK!
Routing net 'type5west_1_port' (2/2): . OK!
Routing net 'type5west_0_port' (2/2): . OK!
Routing net 'type6west_3_port' (2/2): . OK!
Routing net 'type6west_2_port' (2/2): . OK!
Routing net 'type6west_1_port' (2/2): . OK!
Routing net 'type6west_0_port' (2/2): . OK!
Routing net 'type7west_3_port' (2/2): . OK!
Routing net 'type7west_2_port' (2/2): . OK!
Routing net 'type7west_1_port' (2/2): . OK!
Routing net 'type7west_0_port' (2/2): . OK!
Routing net 'sub_data_1_0_port' (2/2): . OK!
Routing net 'sub_data_2_3_port' (2/2): . OK!
Routing net 'sub_data_1_1_port' (2/2): . OK!
Routing net 'sub_data_2_1_port' (2/2): . OK!
Routing net 'sub_data_1_3_port' (2/2): . OK!
Routing net 'type1_3_port' (2/2): . OK!
Routing net 'type1_2_port' (2/2): . OK!
Routing net 'type1_1_port' (2/2): . OK!
Routing net 'type1_0_port' (2/2): . OK!
Routing net 'sub_data_2_0_port' (2/2): . OK!
Routing net 'type2south_2_port' (2/2): . OK!
Routing net 'type2south_1_port' (2/2): . OK!
Routing net 'type2south_0_port' (2/2): . OK!
Routing net 'type3south_2_port' (2/2): . OK!
Routing net 'type3south_1_port' (2/2): . OK!
Routing net 'type3south_0_port' (2/2): . OK!
Routing net 'type4south_3_port' (2/2): . OK!
Routing net 'type4south_2_port' (2/2): . OK!
Routing net 'type4south_0_port' (2/2): . OK!
Routing net 'type5south_3_port' (2/2): . OK!
Routing net 'type5south_2_port' (2/2): . OK!
Routing net 'type5south_1_port' (2/2): . OK!
Routing net 'type5south_0_port' (2/2): x FAILED
Routing net 'type6south_3_port' (2/2): . OK!
Routing net 'type6south_2_port' (2/2): . OK!
Routing net 'type6south_1_port' (2/2): . OK!
Routing net 'type6south_0_port' (2/2): x FAILED
Routing net 'type7south_3_port' (2/2): . OK!
Routing net 'type7south_2_port' (2/2): . OK!
Routing net 'type7south_1_port' (2/2): . OK!
Routing net 'type7south_0_port' (2/2): x FAILED
Routing net 'type2north_3_port' (2/2): . OK!
Routing net 'type2north_2_port' (2/2): . OK!
Routing net 'type2north_1_port' (2/2): . OK!
Routing net 'type2north_0_port' (2/2): . OK!
Routing net 'type3north_3_port' (2/2): . OK!
Routing net 'type3north_2_port' (2/2): . OK!
Routing net 'type3north_1_port' (2/2): . OK!
Routing net 'type3north_0_port' (2/2): . OK!
Routing net 'type4north_3_port' (2/2): x FAILED
Routing net 'type4north_1_port' (2/2): . OK!
Routing net 'type4north_0_port' (2/2): . OK!
Routing net 'type5north_3_port' (2/2): . OK!
Routing net 'type5north_2_port' (2/2): x FAILED
Routing net 'type5north_0_port' (2/2): x FAILED
Routing net 'type6north_2_port' (2/2): . OK!
Routing net 'type6north_0_port' (2/2): x FAILED
Routing net 'type7north_2_port' (2/2): . OK!
Routing net 'type7north_0_port' (2/2): x FAILED
Routing net 'sub_data_1_2_port' (2/2): . OK!
Routing net 'addr_6_0_5' (3/3): ..b OK!
Routing net 'addr_6_0_4' (3/3): ..b OK!
Routing net 'type7_3_port' (2/2): x FAILED
Routing net 'type7_2_port' (2/2): . OK!
Routing net 'type7_1_port' (2/2): . OK!
Routing net 'type7_0_port' (2/2): . OK!
Routing net 'type4_3_port' (2/2): . OK!
Routing net 'type4_2_port' (2/2): x FAILED
Routing net 'type4_1_port' (2/2): . OK!
Routing net 'type4_0_port' (2/2): . OK!
Routing net 'type6_3_port' (2/2): x FAILED
Routing net 'type6_2_port' (2/2): . OK!
Routing net 'type6_1_port' (2/2): . OK!
Routing net 'type6_0_port' (2/2): . OK!
Routing net 'type3_3_port' (2/2): . OK!
Routing net 'type3_2_port' (2/2): . OK!
Routing net 'type3_1_port' (2/2): . OK!
Routing net 'type3_0_port' (2/2): . OK!
Routing net 'type2_3_port' (2/2): . OK!
Routing net 'type2_2_port' (2/2): . OK!
Routing net 'type2_1_port' (2/2): . OK!
Routing net 'type2_0_port' (2/2): . OK!
Routing net 'addr_6_0_3' (7/7): ......b OK!
Routing net 'addr_6_0_2' (7/7): ......b OK!
Routing net 'addr_6_0_1' (26/26): .........................b OK!
Routing net 'addr_6_0_0' (26/26): .........................b OK!
----- Don't worry, I'm trying again -----
Routing net 'type7south_0_port' (2/2): . OK!
Routing net 'type6south_0_port' (2/2): . OK!
Routing net 'type5south_0_port' (2/2): . OK!
Routing net 'type4south_1_port' (2/2): . OK!
Routing net 'type3south_3_port' (2/2): . OK!
Routing net 'type2south_3_port' (2/2): . OK!
Routing net 'type7north_0_port' (2/2): . OK!
Routing net 'type6north_0_port' (2/2): . OK!
Routing net 'type5north_0_port' (2/2): . OK!
Routing net 'type5north_2_port' (2/2): . OK!
Routing net 'type4north_3_port' (2/2): . OK!
Routing net 'type7north_1_port' (2/2): . OK!
Routing net 'type7north_3_port' (2/2): . OK!
Routing net 'type6north_1_port' (2/2): . OK!
Routing net 'type6north_3_port' (2/2): . OK!
Routing net 'type5north_1_port' (2/2): . OK!
Routing net 'type4north_2_port' (2/2): . OK!
Routing net 'type7_3_port' (2/2): . OK!
Routing net 'type4_2_port' (2/2): . OK!
Routing net 'type6_3_port' (2/2): . OK!
Routing net 'type5_0_port' (2/2): . OK!
Routing net 'type5_1_port' (2/2): . OK!
Routing net 'type5_2_port' (2/2): . OK!
Routing net 'type5_3_port' (2/2): . OK!
Routing net 'data_3_0_0' (2/2): .b OK!
Routing net 'data_3_0_1' (2/2): .b OK!
Routing net 'data_3_0_2' (2/2): .b OK!
Routing net 'data_3_0_3' (2/2): .b OK!
Routing net 'addr_6_0_6' (2/2): .b OK!
Routing net 'X_Logic1_port' (169/169): ........................................................................................................................................................................b OK!
Routing net 'X_Logic0_port' (305/305): ................................................................................................................................................................................................................................................................................................................b OK!
Routing net 'sub_data_2_2_port' (2/2): . OK!
--> 22.07 % elapsed:   8.0 sec. expect another  57.2 sec. <--
Routing net 'type7east_0_port' (2/2): . OK!
Routing net 'type7east_1_port' (2/2): . OK!
Routing net 'type7east_2_port' (2/2): . OK!
Routing net 'type7east_3_port' (2/2): . OK!
Routing net 'type6east_0_port' (2/2): . OK!
Routing net 'type6east_1_port' (2/2): . OK!
Routing net 'type6east_2_port' (2/2): . OK!
Routing net 'type6east_3_port' (2/2): . OK!
Routing net 'type5east_0_port' (2/2): . OK!
Routing net 'type5east_1_port' (2/2): . OK!
Routing net 'type5east_2_port' (2/2): . OK!
Routing net 'type5east_3_port' (2/2): . OK!
Routing net 'type4east_0_port' (2/2): . OK!
Routing net 'type4east_1_port' (2/2): . OK!
Routing net 'type4east_2_port' (2/2): . OK!
Routing net 'type4east_3_port' (2/2): . OK!
Routing net 'type3east_0_port' (2/2): . OK!
Routing net 'type3east_1_port' (2/2): . OK!
Routing net 'type3east_2_port' (2/2): . OK!
Routing net 'type3east_3_port' (2/2): . OK!
Routing net 'type2east_0_port' (2/2): . OK!
Routing net 'type2east_1_port' (2/2): . OK!
Routing net 'type2east_2_port' (2/2): . OK!
Routing net 'type2east_3_port' (2/2): . OK!
Routing net 'type7west_0_port' (2/2): . OK!
Routing net 'type7west_1_port' (2/2): . OK!
Routing net 'type7west_2_port' (2/2): . OK!
Routing net 'type7west_3_port' (2/2): . OK!
Routing net 'type6west_0_port' (2/2): . OK!
Routing net 'type6west_1_port' (2/2): . OK!
Routing net 'type6west_2_port' (2/2): . OK!
Routing net 'type6west_3_port' (2/2): . OK!
Routing net 'type5west_0_port' (2/2): . OK!
Routing net 'type5west_1_port' (2/2): . OK!
Routing net 'type5west_2_port' (2/2): . OK!
Routing net 'type5west_3_port' (2/2): . OK!
Routing net 'type4west_0_port' (2/2): . OK!
Routing net 'type4west_1_port' (2/2): . OK!
Routing net 'type4west_2_port' (2/2): . OK!
Routing net 'type4west_3_port' (2/2): . OK!
Routing net 'type3west_0_port' (2/2): . OK!
Routing net 'type3west_1_port' (2/2): . OK!
Routing net 'type3west_2_port' (2/2): . OK!
Routing net 'type3west_3_port' (2/2): . OK!
Routing net 'type2west_0_port' (2/2): . OK!
Routing net 'type2west_1_port' (2/2): . OK!
Routing net 'type2west_2_port' (2/2): . OK!
Routing net 'type2west_3_port' (2/2): . OK!
Routing net 'sub_data_1_0_port' (2/2): . OK!
Routing net 'sub_data_2_3_port' (2/2): . OK!
Routing net 'sub_data_1_1_port' (2/2): . OK!
Routing net 'sub_data_2_1_port' (2/2): . OK!
Routing net 'sub_data_1_3_port' (2/2): . OK!
Routing net 'sub_data_2_0_port' (2/2): . OK!
Routing net 'type1_0_port' (2/2): . OK!
Routing net 'type1_1_port' (2/2): . OK!
Routing net 'type1_2_port' (2/2): . OK!
Routing net 'type1_3_port' (2/2): . OK!
Routing net 'type7south_1_port' (2/2): . OK!
Routing net 'type7south_2_port' (2/2): . OK!
Routing net 'type7south_3_port' (2/2): . OK!
Routing net 'type6south_1_port' (2/2): . OK!
Routing net 'type6south_2_port' (2/2): . OK!
Routing net 'type6south_3_port' (2/2): . OK!
Routing net 'type5south_1_port' (2/2): . OK!
Routing net 'type5south_2_port' (2/2): . OK!
Routing net 'type5south_3_port' (2/2): . OK!
Routing net 'type4south_0_port' (2/2): . OK!
Routing net 'type4south_2_port' (2/2): . OK!
Routing net 'type4south_3_port' (2/2): . OK!
Routing net 'type3south_0_port' (2/2): . OK!
Routing net 'type3south_1_port' (2/2): . OK!
Routing net 'type3south_2_port' (2/2): . OK!
Routing net 'type2south_0_port' (2/2): . OK!
Routing net 'type2south_1_port' (2/2): . OK!
Routing net 'type2south_2_port' (2/2): . OK!
Routing net 'type7north_2_port' (2/2): . OK!
Routing net 'type6north_2_port' (2/2): . OK!
Routing net 'type5north_3_port' (2/2): . OK!
Routing net 'type4north_0_port' (2/2): . OK!
Routing net 'type4north_1_port' (2/2): . OK!
Routing net 'type3north_0_port' (2/2): . OK!
Routing net 'type3north_1_port' (2/2): . OK!
Routing net 'type3north_2_port' (2/2): . OK!
Routing net 'type3north_3_port' (2/2): . OK!
Routing net 'type2north_0_port' (2/2): . OK!
Routing net 'type2north_1_port' (2/2): . OK!
Routing net 'type2north_2_port' (2/2): . OK!
Routing net 'type2north_3_port' (2/2): . OK!
Routing net 'sub_data_1_2_port' (2/2): . OK!
Routing net 'addr_6_0_4' (3/3): ..b OK!
Routing net 'addr_6_0_5' (3/3): ..b OK!
Routing net 'type7_0_port' (2/2): . OK!
Routing net 'type7_1_port' (2/2): . OK!
Routing net 'type7_2_port' (2/2): . OK!
Routing net 'type4_0_port' (2/2): . OK!
Routing net 'type4_1_port' (2/2): . OK!
Routing net 'type4_3_port' (2/2): . OK!
Routing net 'type6_0_port' (2/2): . OK!
Routing net 'type6_1_port' (2/2): . OK!
Routing net 'type6_2_port' (2/2): . OK!
Routing net 'type3_0_port' (2/2): . OK!
Routing net 'type3_1_port' (2/2): . OK!
Routing net 'type3_2_port' (2/2): . OK!
Routing net 'type3_3_port' (2/2): . OK!
Routing net 'type2_0_port' (2/2): . OK!
Routing net 'type2_1_port' (2/2): . OK!
Routing net 'type2_2_port' (2/2): . OK!
Routing net 'type2_3_port' (2/2): . OK!
Routing net 'addr_6_0_2' (7/7): ......b OK!
Routing net 'addr_6_0_3' (7/7): ......b OK!
Routing net 'addr_6_0_0' (26/26): .........................b OK!
Routing net 'addr_6_0_1' (26/26): .........................b OK!
READY
----- Some interesting statistics ------
Total number of nets:                 145 (100% completion)
Total length of routed wires:         15239 grids = 134.103 mm
No. of transistors (total / used):    5796/4280 = 73.84 %
CPU-time consumption:                30.92 sec.
Elapsed time during routing:         32.45 sec. (97.04 % of cpu)
------ Verifying Connectivity ------
------ No unconnect nor short-circuits ------
------ Writing 'Tmp_Cell_(rom(rom(test)))' ------
------ Trout: task completed on Sat Nov 30 15:20:15 2013
 terminate
