
Madonna version 3.3 (compiled Tue, 08 Jul 2008 15:50:37 for "linux-2.6-i686")

WARNING: Seadif file "/home/epo3-user/Desktop/epo3/vga/test/seadif/sealib.sdf" is not a magic cookie (skipped).

reading circuit "vga(vga(test))" ...done

Kissing madonna hello...

Reading image description file "/data/public/common/software/nelsis/5.4.1.1/share/lib/celllibs/fishbone/image.seadif"...


------ net distribution (total #nets = 48):
        0..1     2     3     4     5     6     7 8..10 11..20  >20

           0    26     1    17     0     0     0     4     0     0

------ partitioning 7 cells into (hor x vert) = (2 x 2) partitions

------ requested grid points = (1202, 784)

------ cost@start = 245, cost@end = 197, moves = 4
------ s, w, b = 58, 58, 40; perm = 1 4 2 3 
------ cost@start = 165, cost@end = 161, moves = 1
------ cost@start = 161, cost@end = 161, moves = 1
------ s, w, b = 40, 58, 40; perm = 1 3 2 4 
------ 23 nets have to be routed on a 3 x 3 global grid
     + routing net clk (3 terminals):  weight = 400
     + routing net rst (3 terminals):  weight = 400
     + routing net pos_x_7_port (2 terminals):  weight = 200
     + routing net pos_x_6_port (2 terminals):  weight = 200
     + routing net pos_x_5_port (2 terminals):  weight = 200
     + routing net pos_x_4_port (2 terminals):  weight = 200
     + routing net pos_x_3_port (2 terminals):  weight = 200
     + routing net pos_x_2_port (2 terminals):  weight = 200
     + routing net pos_x_1_port (2 terminals):  weight = 200
     + routing net pos_x_0_port (2 terminals):  weight = 200
     + routing net pos_y_8_port (2 terminals):  weight = 200
     + routing net pos_y_7_port (2 terminals):  weight = 200
     + routing net pos_y_6_port (2 terminals):  weight = 200
     + routing net pos_y_5_port (2 terminals):  weight = 200
     + routing net pos_y_4_port (2 terminals):  weight = 200
     + routing net pos_y_3_port (2 terminals):  weight = 200
     + routing net pos_y_2_port (2 terminals):  weight = 200
     + routing net pos_y_1_port (2 terminals):  weight = 200
     + routing net pos_y_0_port (2 terminals):  weight = 200
     + routing net h_sync_buf (2 terminals):  weight = 200
     + routing net v_sync_buf (2 terminals):  weight = 200
     + routing net in_field (3 terminals):  weight = 400
     + routing net end_field_line (2 terminals):  weight = 200

------ Routed 23 nets, total weight = 5200



------ Detailed placement of (Tmp_Cell_(vga(vga(test))))...
------ Reading input data
------ Creating temporary data structures
------ Placement plane size : [1202:784]
------ Doing placement 
------ Compacting  

         600  column[s] deleted.

         2  row[s] deleted.

         Magnification coefficient obtained :1.61158

------ Writing created layout to database
Kissing madonna good bye...

Madonna took 0.0 seconds of your cpu
terminate
