six
------ opening nelsis ------
------ reading image description file '/data/public/common/software/nelsis/5.4.1.1/share/lib/celllibs/fishbone/image.seadif' ------
------ opening seadif ------
WARNING: Seadif file "/home/epo3-user/Desktop/epo3/vga/test/seadif/sealib.sdf" is not a magic cookie (skipped).

------ checking your circuit 'vga' ------
------ circuit 'vga' is still up-to-date ------
------ checking match with placement layout 'Tmpvga6386' ------
------ reading nelsis layout-cell 'Tmpvga6386' ------
------ writing nelsis 'Tmpvga6386' as sdflay 'Tmp_Cell_(vga(vga(test)))' ------
------ input seems good enough: calling router ------
calling program: trout -l test -f vga -c vga -o Tmp_Cell_ -b Tmp_Cell_ 
WARNING: routing is not 100% successful
------ converting result back into nelsis as cell 'Tmpvga6386' ------
calling program: nelsea -rLH -f vga -c vga -l Tmp_Cell_ Tmpvga6386 
------ sea: task completed ------
