------ opening nelsis ------
------ reading image description file '/data/public/common/software/nelsis/5.4.1.1/share/lib/celllibs/fishbone/image.seadif' ------
------ opening seadif ------
WARNING: Seadif file "/home/epo3-user/Desktop/epo3/vga/test/seadif/sealib.sdf" is not a magic cookie (skipped).

------ reading sdf laycell 'Tmp_Cell_(vga(vga(test)))': OK ------
------ writing sdflay 'Tmp_Cell_(vga(vga(test)))' into nelsis 'Tmpvga6386' ------
------ nelsea: task completed ------
