
Madonna version 3.3 (compiled Tue, 08 Jul 2008 15:50:37 for "linux-2.6-i686")

reading circuit "check_mask(check_mask(test))" ...done

Kissing madonna hello...

Reading image description file "/data/public/common/software/nelsis/5.4.1.1/share/lib/celllibs/fishbone/image.seadif"...


------ net distribution (total #nets = 83):
        0..1     2     3     4     5     6     7 8..10 11..20  >20

           0    56    10     2     6     4     2     1     0     2

------ partitioning 67 cells into (hor x vert) = (9 x 3) partitions

------ requested grid points = (72, 84)

------ cost@start = 774, cost@end = 589, moves = 73
------ cost@start = 589, cost@end = 570, moves = 71
------ cost@start = 570, cost@end = 531, moves = 58
------ cost@start = 531, cost@end = 511, moves = 60
------ cost@start = 511, cost@end = 491, moves = 50
------ cost@start = 491, cost@end = 491, moves = 57
------ 50 nets have to be routed on a 17 x 5 global grid
     + routing net mask_select_1_0_1 (3 terminals):  weight = 404
     + routing net mask_select_1_0_0 (2 terminals):  weight = 200
     + routing net empty (2 terminals):  weight = 202
     + routing net lut_start (2 terminals):  weight = 210
     + routing net write (26 terminals):  weight = 5000
     + routing net clk (6 terminals):  weight = 1014
     + routing net rst (4 terminals):  weight = 602
     + routing net state_2_port (5 terminals):  weight = 806
     + routing net next_state_0_port (2 terminals):  weight = 204
     + routing net state_0_port (4 terminals):  weight = 606
     + routing net next_state_1_port (2 terminals):  weight = 212
     + routing net state_1_port (2 terminals):  weight = 208
     + routing net n55 (2 terminals):  weight = 200
     + routing net n54 (2 terminals):  weight = 202
     + routing net n46 (7 terminals):  weight = 1014
     + routing net n57 (3 terminals):  weight = 400
     + routing net n58 (2 terminals):  weight = 200
     + routing net data_in (3 terminals):  weight = 304
     + routing net n59 (3 terminals):  weight = 404
     + routing net n60 (2 terminals):  weight = 204
     + routing net n61 (3 terminals):  weight = 412
     + routing net n62 (2 terminals):  weight = 204
     + routing net n63 (2 terminals):  weight = 200
     + routing net n65 (2 terminals):  weight = 204
     + routing net n66 (3 terminals):  weight = 404
     + routing net n67 (3 terminals):  weight = 408
     + routing net n68 (4 terminals):  weight = 614
     + routing net n69 (3 terminals):  weight = 414
     + routing net n70 (2 terminals):  weight = 208
     + routing net n71 (2 terminals):  weight = 200
     + routing net n72 (2 terminals):  weight = 200
     + routing net n73 (4 terminals):  weight = 606
     + routing net n74 (2 terminals):  weight = 204
     + routing net lut_ready (2 terminals):  weight = 202
     + routing net n75 (2 terminals):  weight = 206
     + routing net n76 (2 terminals):  weight = 204
     + routing net n77 (3 terminals):  weight = 404
     + routing net n78 (5 terminals):  weight = 800
     + routing net n79 (2 terminals):  weight = 204
     + routing net n80 (4 terminals):  weight = 610
     + routing net n81 (2 terminals):  weight = 200
     + routing net n82 (2 terminals):  weight = 202
     + routing net n83 (2 terminals):  weight = 200
     + routing net n84 (2 terminals):  weight = 202
     + routing net n85 (2 terminals):  weight = 200
     + routing net n86 (2 terminals):  weight = 200
     + routing net n87 (2 terminals):  weight = 202
     + routing net n88 (2 terminals):  weight = 206
     + routing net n89 (2 terminals):  weight = 200
     + routing net n92 (2 terminals):  weight = 200

------ Routed 50 nets, total weight = 21516



------ Detailed placement of (Tmp_Cell_(check_mask(check_mask(test))))...
------ Reading input data
------ Creating temporary data structures
------ Placement plane size : [72:84]
------ Doing placement 
 Can't place cell :state_reg_2_inst  in window at (0,0)

 Apparently the magnification coefficient is too small. 
 Let's try to run the algorithm for bigger magn. coefficient. 
------ Placement plane size : [93:84]
------ Doing placement 
------ Compacting  

         9  column[s] deleted.

         Magnification coefficient obtained :0.801887

------ Writing created layout to database
Kissing madonna good bye...

Madonna took 0.0 seconds of your cpu
terminate
