------ opening nelsis ------
------ reading image description file '/data/public/common/software/nelsis/5.4.1.1/share/lib/celllibs/fishbone/image.seadif' ------
------ opening seadif ------
------ reading sdf laycell 'Tmp_Cell_(check_mask(check_mask(test)))': OK ------
------ writing sdflay 'Tmp_Cell_(check_mask(check_mask(test)))' into nelsis 'Tmpcheck_mask5440' ------
------ nelsea: task completed ------
