>>>>>> trout: automatic router for Sea-of-Gates           <<<<<<
>>>>>> (c) 1995 Patrick Groeneveld, Delft Univ. of Techn. <<<<<<
------ reading image description file '/data/public/common/software/nelsis/5.4.1.1/share/lib/celllibs/fishbone/image.seadif' ------
------ reading placement 'Tmp_Cell_(checkmask(checkmask(test2)))' ------
------ building data structure  ------
------ making grid  ------
------ routing started Fri Nov 29 12:32:35 2013
 38 nets have to be routed.
Routing net 'empty' (2/2): . OK!
Routing net 'clk' (3/3): .. OK!
Routing net 'n9' (2/2): . OK!
Routing net 'ram_out_7_0_5' (2/2): . OK!
Routing net 'ram_in_7_0_1' (2/2): . OK!
Routing net 'ram_out_7_0_1' (2/2): . OK!
Routing net 'ram_in_7_0_4' (2/2): . OK!
Routing net 'ram_in_7_0_5' (2/2): . OK!
Routing net 'ram_in_7_0_6' (2/2): . OK!
Routing net 'ram_in_7_0_0' (2/2): . OK!
Routing net 'ram_in_7_0_2' (2/2): . OK!
Routing net 'start' (2/2): . OK!
Routing net 'data' (2/2): . OK!
Routing net 'ram_in_7_0_7' (2/2): . OK!
Routing net 'ram_out_7_0_7' (2/2): . OK!
Routing net 'ram_out_7_0_0' (2/2): . OK!
Routing net 'ram_out_7_0_2' (2/2): . OK!
Routing net 'ram_out_7_0_4' (2/2): . OK!
Routing net 'ram_out_7_0_3' (2/2): . OK!
Routing net 'n6' (2/2): . OK!
Routing net 'ram_out_7_0_6' (2/2): . OK!
Routing net 'n13' (2/2): . OK!
Routing net 'n4' (2/2): . OK!
Routing net 'n10' (2/2): . OK!
Routing net 'n3' (2/2): . OK!
Routing net 'n8' (2/2): . OK!
Routing net 'ready' (3/3): .. OK!
Routing net 'ram_in_7_0_3' (2/2): . OK!
Routing net 'n7' (2/2): . OK!
Routing net 'n12' (2/2): . OK!
Routing net 'reset' (3/3): .. OK!
Routing net 'next_state_1_port' (2/2): . OK!
Routing net 'state_0_port' (4/4): ... OK!
Routing net 'n5' (2/2): . OK!
Routing net 'next_state_0_port' (2/2): . OK!
Routing net 'vdd' :  (Power special)
Routing net 'state_1_port' (12/12): ........... OK!
Routing net 'vss' : . (Power special)
READY
----- Some interesting statistics ------
Total number of nets:                 38 (100% completion)
Total length of routed wires:         0 (No new wires created)
No. of transistors (total / used):    320/242 = 75.62 %
CPU-time consumption:                 0.00 sec.
Elapsed time during routing:          0.00 sec. (100.00 % of cpu)
------ Verifying Connectivity ------
------ No unconnect nor short-circuits ------
------ Writing 'Tmp_Cell_(checkmask(checkmask(test2)))' ------
------ Trout: task completed on Fri Nov 29 12:32:35 2013
 terminate
