------ opening nelsis ------
------ reading image description file '/data/public/common/software/nelsis/5.4.1.1/share/lib/celllibs/fishbone/image.seadif' ------
------ opening seadif ------
Warning: A new sealib will be generated: 'test2'
         This indicates most likeley that the project was renamed.
------ reading sdf laycell 'Tmp_Cell_(sr_if(sr_if(test2)))': OK ------
------ writing sdflay 'Tmp_Cell_(sr_if(sr_if(test2)))' into nelsis 'Tmpsr_if2978' ------
------ nelsea: task completed ------
