six
------ opening nelsis ------
------ reading image description file '/data/public/common/software/nelsis/5.4.1.1/share/lib/celllibs/fishbone/image.seadif' ------
------ opening seadif ------
------ checking your circuit 'draw_score' ------
WARNING: Imported nelsis cell 'dfr11' is younger than its corresponding
         seadif cell $dummy(dfr11(dfr11(g_digilib5_99))) (circuit-view). The seadif
         library 'g_digilib5_99' doesn't seem to be up to date.
WARNING: Imported nelsis cell 'tinv10' is younger than its corresponding
         seadif cell $dummy(tinv10(tinv10(g_digilib5_99))) (circuit-view). The seadif
         library 'g_digilib5_99' doesn't seem to be up to date.
WARNING: Imported nelsis cell 'iv110' is younger than its corresponding
         seadif cell $dummy(iv110(iv110(g_digilib5_99))) (circuit-view). The seadif
         library 'g_digilib5_99' doesn't seem to be up to date.
WARNING: Imported nelsis cell 'mu111' is younger than its corresponding
         seadif cell $dummy(mu111(mu111(g_digilib5_99))) (circuit-view). The seadif
         library 'g_digilib5_99' doesn't seem to be up to date.
WARNING: Imported nelsis cell 'na210' is younger than its corresponding
         seadif cell $dummy(na210(na210(g_digilib5_99))) (circuit-view). The seadif
         library 'g_digilib5_99' doesn't seem to be up to date.
WARNING: Imported nelsis cell 'na310' is younger than its corresponding
         seadif cell $dummy(na310(na310(g_digilib5_99))) (circuit-view). The seadif
         library 'g_digilib5_99' doesn't seem to be up to date.
WARNING: Imported nelsis cell 'no210' is younger than its corresponding
         seadif cell $dummy(no210(no210(g_digilib5_99))) (circuit-view). The seadif
         library 'g_digilib5_99' doesn't seem to be up to date.
WARNING: Imported nelsis cell 'no310' is younger than its corresponding
         seadif cell $dummy(no310(no310(g_digilib5_99))) (circuit-view). The seadif
         library 'g_digilib5_99' doesn't seem to be up to date.
------ reading nelsis circuit-cell 'draw_score' ------
WARNING: Zero terminal net: 'ds_ready_port' (cell 'draw_score')
WARNING: Zero terminal net: 'ds_write_port' (cell 'draw_score')
------ input check seems good enough: calling placer ------
calling program: madonna -l test -f draw_score -c draw_score -o Tmp_Cell_ -ex draw_score 
------ madonna successful ------
------ calling router ------
calling program: trout -l test -f draw_score -c draw_score -o Tmp_Cell_ -d Tmp_Cell_ 
------ routing successful ------
------ converting result back into nelsis as cell 'Tmpdraw_score4890' ------
calling program: nelsea -rLH -f draw_score -c draw_score -l Tmp_Cell_ Tmpdraw_score4890 
------ sea: task completed ------
