
Madonna version 3.3 (compiled Tue, 08 Jul 2008 15:50:37 for "linux-2.6-i686")

reading circuit "draw_score(draw_score(test))" ...done

Kissing madonna hello...

Reading image description file "/data/public/common/software/nelsis/5.4.1.1/share/lib/celllibs/fishbone/image.seadif"...


------ net distribution (total #nets = 67):
        0..1     2     3     4     5     6     7 8..10 11..20  >20

           0    48     7     3     0     4     0     2     1     2

------ partitioning 54 cells into (hor x vert) = (7 x 3) partitions

------ requested grid points = (70, 84)

------ cost@start = 525, cost@end = 395, moves = 61
------ cost@start = 395, cost@end = 381, moves = 47
------ cost@start = 381, cost@end = 364, moves = 53
------ cost@start = 364, cost@end = 364, moves = 45
------ 38 nets have to be routed on a 13 x 5 global grid
     + routing net ds_ready (2 terminals):  weight = 200
     + routing net ds_write (4 terminals):  weight = 600
     + routing net new_state_0_port (2 terminals):  weight = 204
     + routing net ds_rst (5 terminals):  weight = 800
     + routing net ds_clk (5 terminals):  weight = 800
     + routing net state_0_port (7 terminals):  weight = 1106
     + routing net n79 (2 terminals):  weight = 202
     + routing net i_0_port (8 terminals):  weight = 1402
     + routing net next_i_1_port (2 terminals):  weight = 204
     + routing net i_1_port (5 terminals):  weight = 800
     + routing net next_i_2_port (2 terminals):  weight = 210
     + routing net i_2_port (5 terminals):  weight = 806
     + routing net new_state_1_port (2 terminals):  weight = 210
     + routing net state_1_port (2 terminals):  weight = 210
     + routing net n80 (18 terminals):  weight = 3400
     + routing net n81 (18 terminals):  weight = 3400
     + routing net n47 (2 terminals):  weight = 204
     + routing net n48 (2 terminals):  weight = 200
     + routing net n49 (3 terminals):  weight = 307
     + routing net n50 (2 terminals):  weight = 200
     + routing net n51 (2 terminals):  weight = 200
     + routing net n53 (2 terminals):  weight = 200
     + routing net n55 (2 terminals):  weight = 200
     + routing net n56 (3 terminals):  weight = 400
     + routing net n57 (2 terminals):  weight = 202
     + routing net n58 (2 terminals):  weight = 208
     + routing net n60 (3 terminals):  weight = 404
     + routing net n61 (2 terminals):  weight = 204
     + routing net n62 (3 terminals):  weight = 400
     + routing net n64 (2 terminals):  weight = 204
     + routing net n65 (2 terminals):  weight = 206
     + routing net n67 (2 terminals):  weight = 200
     + routing net n69 (2 terminals):  weight = 206
     + routing net n70 (2 terminals):  weight = 206
     + routing net n71 (2 terminals):  weight = 200
     + routing net n72 (2 terminals):  weight = 202
     + routing net n75 (2 terminals):  weight = 200
     + routing net n76 (2 terminals):  weight = 204

------ Routed 38 nets, total weight = 19711



------ Detailed placement of (Tmp_Cell_(draw_score(draw_score(test))))...
------ Reading input data
------ Creating temporary data structures
------ Placement plane size : [70:84]
------ Doing placement 
 Can't place cell :state_reg_0_inst  in window at (0,0)

 Apparently the magnification coefficient is too small. 
 Let's try to run the algorithm for bigger magn. coefficient. 
------ Placement plane size : [91:84]
------ Doing placement 
------ Compacting  

         9  column[s] deleted.

         Magnification coefficient obtained :0.815245

------ Writing created layout to database
Kissing madonna good bye...

Madonna took 0.0 seconds of your cpu
terminate
