------ opening nelsis ------
------ reading image description file '/data/public/common/software/nelsis/5.4.1.1/share/lib/celllibs/fishbone/image.seadif' ------
------ opening seadif ------
------ reading sdf laycell 'Tmp_Cell_(draw_score(draw_score(test)))': OK ------
------ writing sdflay 'Tmp_Cell_(draw_score(draw_score(test)))' into nelsis 'Tmpdraw_score4890' ------
------ nelsea: task completed ------
