
Madonna version 3.3 (compiled Tue, 08 Jul 2008 15:50:37 for "linux-2.6-i686")

reading circuit "cs_adder7(cs_adder7(test))" ...done

Kissing madonna hello...

Reading image description file "/data/public/common/software/nelsis/5.4.1.1/share/lib/celllibs/fishbone/image.seadif"...


------ net distribution (total #nets = 17):
        0..1     2     3     4     5     6     7 8..10 11..20  >20

           0    10     4     1     0     0     0     2     0     0

------ partitioning 8 cells into (hor x vert) = (3 x 1) partitions

------ requested grid points = (21, 28)

------ cost@start = 1199880055, cost@end = 1199880047, moves = 3
------ s, w, b = 14, 15, 14; perm = 3 2 1 
------ 3 nets have to be routed on a 5 x 1 global grid
     + routing net n6 (2 terminals):  weight = 200
     + routing net n7 (3 terminals):  weight = 400
     + routing net n8 (2 terminals):  weight = 200

------ Routed 3 nets, total weight = 800



------ Detailed placement of (Tmp_Cell_(cs_adder7(cs_adder7(test))))...
------ Reading input data
------ Creating temporary data structures
------ Placement plane size : [21:28]
------ Doing placement 
------ Compacting  

         4  column[s] deleted.

         Magnification coefficient obtained :0.586905

------ Writing created layout to database
Kissing madonna good bye...

Madonna took 0.0 seconds of your cpu
terminate
