------ opening nelsis ------
------ reading image description file '/data/public/common/software/nelsis/5.4.1.1/share/lib/celllibs/fishbone/image.seadif' ------
------ opening seadif ------
------ reading sdf laycell 'Tmp_Cell_(cs_adder7(cs_adder7(test)))': OK ------
------ writing sdflay 'Tmp_Cell_(cs_adder7(cs_adder7(test)))' into nelsis 'Tmpcs_adder72632' ------
------ nelsea: task completed ------
