
Madonna version 3.3 (compiled Tue, 08 Jul 2008 15:50:37 for "linux-2.6-i686")

reading circuit "piece_lut(piece_lut(test2))" ...done

Kissing madonna hello...

Reading image description file "/data/public/common/software/nelsis/5.4.1.1/share/lib/celllibs/fishbone/image.seadif"...


------ net distribution (total #nets = 74):
        0..1     2     3     4     5     6     7 8..10 11..20  >20

           0    44    15     9     3     0     1     0     0     2

------ partitioning 49 cells into (hor x vert) = (7 x 2) partitions

------ requested grid points = (56, 112)

------ cost@start = -1095286878, cost@end = -1095287006, moves = 41
------ cost@start = -1095287006, cost@end = -1095287047, moves = 42
------ cost@start = -1095287047, cost@end = -1095287047, moves = 27
------ cost@start = -1095287047, cost@end = -1095287047, moves = 27
------ cost@start = -1095287047, cost@end = -1095287047, moves = 27
------ cost@start = -1095287047, cost@end = -1095287047, moves = 27
------ cost@start = -1095287047, cost@end = -1095287047, moves = 27
------ cost@start = -1095287047, cost@end = -1095287047, moves = 27
------ cost@start = -1095287047, cost@end = -1095287047, moves = 27
------ cost@start = -1095287047, cost@end = -1095287047, moves = 27
------ cost@start = -1095287047, cost@end = -1095287047, moves = 27
------ cost@start = -1095287047, cost@end = -1095287047, moves = 27
------ cost@start = -1095287047, cost@end = -1095287047, moves = 27
------ cost@start = -1095287047, cost@end = -1095287047, moves = 27
------ cost@start = -1095287047, cost@end = -1095287047, moves = 27
------ cost@start = -1095287047, cost@end = -1095287047, moves = 27
------ cost@start = -1095287047, cost@end = -1095287047, moves = 27
------ cost@start = -1095287047, cost@end = -1095287047, moves = 27
------ cost@start = -1095287047, cost@end = -1095287047, moves = 27
------ cost@start = -1095287047, cost@end = -1095287047, moves = 27
------ cost@start = -1095287047, cost@end = -1095287047, moves = 27
------ cost@start = -1095287047, cost@end = -1095287047, moves = 27
------ cost@start = -1095287047, cost@end = -1095287047, moves = 27
------ cost@start = -1095287047, cost@end = -1095287047, moves = 27
------ cost@start = -1095287047, cost@end = -1095287047, moves = 27
------ cost@start = -1095287047, cost@end = -1095287047, moves = 27
------ cost@start = -1095287047, cost@end = -1095287047, moves = 27
------ cost@start = -1095287047, cost@end = -1095287047, moves = 27
------ cost@start = -1095287047, cost@end = -1095287047, moves = 27
------ cost@start = -1095287047, cost@end = -1095287047, moves = 27
------ 33 nets have to be routed on a 13 x 3 global grid
     + routing net next_state_0_port (2 terminals):  weight = 204
     + routing net rst (4 terminals):  weight = 600
     + routing net clk (4 terminals):  weight = 600
     + routing net state_0_port (3 terminals):  weight = 402
     + routing net next_state_1_port (2 terminals):  weight = 204
     + routing net state_1_port (4 terminals):  weight = 608
     + routing net next_state_2_port (2 terminals):  weight = 204
     + routing net state_2_port (2 terminals):  weight = 200
     + routing net n54 (2 terminals):  weight = 200
     + routing net n55 (2 terminals):  weight = 200
     + routing net n57 (2 terminals):  weight = 200
     + routing net n59 (2 terminals):  weight = 200
     + routing net n60 (2 terminals):  weight = 200
     + routing net n61 (2 terminals):  weight = 200
     + routing net n63 (3 terminals):  weight = 404
     + routing net n64 (2 terminals):  weight = 204
     + routing net x_2_0_2 (2 terminals):  weight = 204
     + routing net n65 (2 terminals):  weight = 202
     + routing net n66 (2 terminals):  weight = 200
     + routing net n67 (2 terminals):  weight = 200
     + routing net n69 (2 terminals):  weight = 204
     + routing net n70 (2 terminals):  weight = 200
     + routing net n71 (2 terminals):  weight = 200
     + routing net n72 (2 terminals):  weight = 200
     + routing net y_3_0_3 (2 terminals):  weight = 200
     + routing net n74 (2 terminals):  weight = 212
     + routing net n76 (2 terminals):  weight = 200
     + routing net n77 (2 terminals):  weight = 200
     + routing net n79 (2 terminals):  weight = 200
     + routing net n81 (2 terminals):  weight = 200
     + routing net n83 (2 terminals):  weight = 200
     + routing net n84 (3 terminals):  weight = 400
     + routing net n86 (2 terminals):  weight = 200

------ Routed 33 nets, total weight = 8452



------ Detailed placement of (Tmp_Cell_(piece_lut(piece_lut(test2))))...
------ Reading input data
------ Creating temporary data structures
------ Placement plane size : [56:112]
------ Doing placement 
------ Compacting  

         5  column[s] deleted.

         Magnification coefficient obtained :0.761456

------ Writing created layout to database
Kissing madonna good bye...

Madonna took 0.0 seconds of your cpu
terminate
