six
------ opening nelsis ------
------ reading image description file '/data/public/common/software/nelsis/5.4.1.1/share/lib/celllibs/fishbone/image.seadif' ------
------ opening seadif ------
------ checking your circuit 'timer' ------
------ reading nelsis circuit-cell 'timer' ------
WARNING: Zero terminal net: 'timer_done_port' (cell 'timer')
------ checking match with placement layout 'Tmptimer7673' ------
------ reading nelsis layout-cell 'Tmptimer7673' ------
------ writing nelsis 'Tmptimer7673' as sdflay 'Tmp_Cell_(timer(timer(test)))' ------
------ writing nelsis 'timer' as sdfcir 'timer(timer(test)) ------
------ input seems good enough: calling router ------
calling program: trout -l test -f timer -c timer -o Tmp_Cell_ -d Tmp_Cell_ 
------ routing successful ------
------ converting result back into nelsis as cell 'Tmptimer7673' ------
calling program: nelsea -rLH -f timer -c timer -l Tmp_Cell_ Tmptimer7673 
------ sea: task completed ------
