>>>>>> trout: automatic router for Sea-of-Gates           <<<<<<
>>>>>> (c) 1995 Patrick Groeneveld, Delft Univ. of Techn. <<<<<<
------ reading image description file '/data/public/common/software/nelsis/5.4.1.1/share/lib/celllibs/fishbone/image.seadif' ------
------ reading placement 'Tmp_Cell_(timer(timer(test)))' ------
------ building data structure  ------
------ making grid  ------
------ routing started Sat Nov 30 19:40:33 2013
 92 nets have to be routed.
Routing net 'timer_clk' (2/2): . OK!
Routing net 'timer_time_7_0_0' (2/2): . OK!
Routing net 'timer_time_7_0_6' (2/2): . OK!
Routing net 'timer_vga_clk' (2/2): . OK!
Routing net 'n68' (2/2): . OK!
Routing net 'n71' (2/2): . OK!
Routing net 'n81' (2/2): . OK!
Routing net 'timer_time_7_0_3' (2/2): . OK!
Routing net 'clk_sig' (11/11): .......... OK!
Routing net 'n77' (2/2): . OK!
Routing net 'new_count_7_port' (2/2): . OK!
Routing net 'n49' (2/2): . OK!
Routing net 'n58' (2/2): . OK!
Routing net 'n61' (2/2): . OK!
Routing net 'n45' (2/2): . OK!
Routing net 'n35' (2/2): . OK!
Routing net 'n48' (2/2): . OK!
Routing net 'timer_time_7_0_4' (2/2): . OK!
Routing net 'timer_time_7_0_5' (2/2): . OK!
Routing net 'timer_time_7_0_2' (2/2): . OK!
Routing net 'timer_time_7_0_7' (2/2): . OK!
Routing net 'n36' (3/3): .. OK!
Routing net 'new_count_1_port' (2/2): . OK!
Routing net 'new_count_3_port' (2/2): . OK!
Routing net 'timer_start' (3/3): .. OK!
Routing net 'n74' (2/2): . OK!
Routing net 'n41' (2/2): . OK!
Routing net 'count_4_port' (2/2): . OK!
Routing net 'n31' (2/2): . OK!
Routing net 'count_7_port' (3/3): .. OK!
Routing net 'n70' (2/2): . OK!
Routing net 'new_count_0_port' (2/2): . OK!
Routing net 'n78' (2/2): . OK!
Routing net 'n82' (2/2): . OK!
Routing net 'new_count_6_port' (2/2): . OK!
Routing net 'n32' (2/2): . OK!
Routing net 'n75' (2/2): . OK!
Routing net 'n80' (2/2): . OK!
Routing net 'count_5_port' (4/4): ... OK!
Routing net 'n33' (2/2): . OK!
Routing net 'timer_time_7_0_1' (2/2): . OK!
Routing net 'count_2_port' (3/3): .. OK!
Routing net 'n64' (3/3): .. OK!
Routing net 'n85' (2/2): . OK!
Routing net 'n46' (4/4): ... OK!
Routing net 'new_state_1_port' (2/2): . OK!
Routing net 'n63' (2/2): . OK!
Routing net 'n55' (2/2): . OK!
Routing net 'n79' (2/2): . OK!
Routing net 'n44' (3/3): .. OK!
Routing net 'n59' (3/3): .. OK!
Routing net 'new_count_2_port' (2/2): . OK!
Routing net 'n67' (2/2): . OK!
Routing net 'n43' (2/2): . OK!
Routing net 'n56' (2/2): . OK!
Routing net 'new_count_5_port' (2/2): . OK!
Routing net 'n84' (2/2): . OK!
Routing net 'n37' (2/2): . OK!
Routing net 'count_6_port' (5/5): .... OK!
Routing net 'n51' (2/2): . OK!
Routing net 'n39' (2/2): . OK!
Routing net 'n73' (3/3): .. OK!
Routing net 'timer_done' (6/6): ..... OK!
Routing net 'n57' (2/2): . OK!
Routing net 'n60' (2/2): . OK!
Routing net 'state_0_port' (4/4): ... OK!
Routing net 'n83' (2/2): . OK!
Routing net 'new_state_0_port' (2/2): . OK!
Routing net 'n69' (3/3): .. OK!
Routing net 'n42' (3/3): .. OK!
Routing net 'count_1_port' (5/5): .... OK!
Routing net 'n86' (2/2): . OK!
Routing net 'n38' (2/2): . OK!
Routing net 'n66' (3/3): .. OK!
Routing net 'count_3_port' (3/3): .. OK!
Routing net 'n40' (3/3): .. OK!
Routing net 'n52' (4/4): ... OK!
Routing net 'new_count_4_port' (2/2): . OK!
Routing net 'n62' (2/2): . OK!
Routing net 'count_0_port' (5/5): .... OK!
Routing net 'n50' (7/7): ...... OK!
Routing net 'n76' (2/2): . OK!
Routing net 'n65' (4/4): ... OK!
Routing net 'n47' (3/3): .. OK!
Routing net 'n54' (5/5): .... OK!
Routing net 'n72' (3/3): .. OK!
Routing net 'n53' (5/5): .... OK!
Routing net 'n30' (5/5): .... OK!
Routing net 'n34' (11/11): .......... OK!
Routing net 'timer_rst' (12/12): ........... OK!
Routing net 'vdd' :  (Power special)
Routing net 'vss' :  (Power special)
READY
----- Some interesting statistics ------
Total number of nets:                 92 (100% completion)
Total length of routed wires:         0 (No new wires created)
No. of transistors (total / used):    1680/960 = 57.14 %
CPU-time consumption:                 0.01 sec.
Elapsed time during routing:          0.02 sec. (50.00 % of cpu)
------ Verifying Connectivity ------
------ No unconnect nor short-circuits ------
------ Writing 'Tmp_Cell_(timer(timer(test)))' ------
------ Trout: task completed on Sat Nov 30 19:40:33 2013
 terminate
